// Jest Snapshot v1, https://goo.gl/fbAQLP

exports[`PendingBenefitDetails Tests renders the details section of a Pending Benefit 1`] = `
Object {
  "asFragment": [Function],
  "baseElement": <body>
    <div>
      <section>
        <div
          class="flex-col ml-4 my-4 sm:m-8 sm:flex sm:flex-row"
        >
          <div
            class="lg:ml-7"
          >
            <div
              id="stepper-container"
            >
              <h1
                class="text-xl font-bold"
              />
              <div
                class="py-2.5 flex w-60"
              >
                <div
                  class="v-stepper w-5"
                >
                  <div
                    class="w-3 h-3 mt-2 rounded-full ml-1/5 bg-green-active"
                  />
                  <div
                    class="w-0.5 mt-1.5 ml-[5px] h-[92%] bg-green-active"
                  />
                </div>
                <div
                  class="ml-3 "
                >
                  <p
                    class="text-md font-bold"
                  >
                    Documents reviewed
                  </p>
                  <p
                    class="text-sm"
                  >
                    September 8, 2021
                  </p>
                </div>
              </div>
              <div
                class="py-2.5 flex w-60"
              >
                <div
                  class="v-stepper w-5"
                >
                  <div
                    class="w-3 h-3 mt-2 rounded-full ml-1/5 bg-green-active"
                  />
                  <div
                    class="w-0.5 mt-1.5 ml-[5px] h-[92%] bg-green-active"
                  />
                </div>
                <div
                  class="ml-3 "
                >
                  <p
                    class="text-md font-bold"
                  >
                    Documents uploaded
                  </p>
                  <p
                    class="text-sm"
                  >
                    September 6, 2021
                  </p>
                </div>
              </div>
              <div
                class="py-2.5 flex w-60"
              >
                <div
                  class="v-stepper w-5"
                >
                  <div
                    class="w-3 h-3 mt-2 rounded-full ml-1/5 bg-green-active"
                  />
                  <div
                    class="w-0.5 mt-1.5 ml-[5px] h-[92%] bg-green-active"
                  />
                </div>
                <div
                  class="ml-3 "
                >
                  <p
                    class="text-md font-bold"
                  >
                    Documents requested
                  </p>
                  <p
                    class="text-sm"
                  >
                    September 5, 2021
                  </p>
                </div>
              </div>
              <div
                class="pb-2.5 flex mt-0 h-max"
              >
                <div
                  id="v-stepper"
                >
                  <div
                    class="w-0.5 mt-1.5 ml-[5px] h-[92%] bg-green-active"
                  />
                </div>
                <div
                  id="stepper-content"
                >
                  <button
                    class="text-left ml-6 text-xs text-bright-blue-solid underline"
                  />
                </div>
              </div>
            </div>
          </div>
          <div
            class="mt-4 sm:mt-0 sm:ml-20"
            id="details"
          >
            <div
              class="mb-5 sm:mb-14"
              id="application_details"
            >
              <p
                class="font-bold text-xl"
              />
              <p
                class="font-normal text-base"
              >
                Your application is pending, we will notify you with decision
              </p>
            </div>
            <div
              class="mb-5 sm:mb-14"
              id="application_description"
            >
              <p
                class="font-bold text-base"
              />
              <p
                class="text-base"
              >
                Online application received
              </p>
            </div>
            <div
              id="additionalInformation"
            >
              <p
                class="font-bold text-base"
              />
              <p
                class="text-base"
              >
                We will notify you as soon as we have process your application.
              </p>
            </div>
          </div>
        </div>
        <div
          class="w-auto sm:w-full flex-grow border-t border-gray-light mx-4 sm:mx-0"
        />
      </section>
    </div>
  </body>,
  "container": <div>
    <section>
      <div
        class="flex-col ml-4 my-4 sm:m-8 sm:flex sm:flex-row"
      >
        <div
          class="lg:ml-7"
        >
          <div
            id="stepper-container"
          >
            <h1
              class="text-xl font-bold"
            />
            <div
              class="py-2.5 flex w-60"
            >
              <div
                class="v-stepper w-5"
              >
                <div
                  class="w-3 h-3 mt-2 rounded-full ml-1/5 bg-green-active"
                />
                <div
                  class="w-0.5 mt-1.5 ml-[5px] h-[92%] bg-green-active"
                />
              </div>
              <div
                class="ml-3 "
              >
                <p
                  class="text-md font-bold"
                >
                  Documents reviewed
                </p>
                <p
                  class="text-sm"
                >
                  September 8, 2021
                </p>
              </div>
            </div>
            <div
              class="py-2.5 flex w-60"
            >
              <div
                class="v-stepper w-5"
              >
                <div
                  class="w-3 h-3 mt-2 rounded-full ml-1/5 bg-green-active"
                />
                <div
                  class="w-0.5 mt-1.5 ml-[5px] h-[92%] bg-green-active"
                />
              </div>
              <div
                class="ml-3 "
              >
                <p
                  class="text-md font-bold"
                >
                  Documents uploaded
                </p>
                <p
                  class="text-sm"
                >
                  September 6, 2021
                </p>
              </div>
            </div>
            <div
              class="py-2.5 flex w-60"
            >
              <div
                class="v-stepper w-5"
              >
                <div
                  class="w-3 h-3 mt-2 rounded-full ml-1/5 bg-green-active"
                />
                <div
                  class="w-0.5 mt-1.5 ml-[5px] h-[92%] bg-green-active"
                />
              </div>
              <div
                class="ml-3 "
              >
                <p
                  class="text-md font-bold"
                >
                  Documents requested
                </p>
                <p
                  class="text-sm"
                >
                  September 5, 2021
                </p>
              </div>
            </div>
            <div
              class="pb-2.5 flex mt-0 h-max"
            >
              <div
                id="v-stepper"
              >
                <div
                  class="w-0.5 mt-1.5 ml-[5px] h-[92%] bg-green-active"
                />
              </div>
              <div
                id="stepper-content"
              >
                <button
                  class="text-left ml-6 text-xs text-bright-blue-solid underline"
                />
              </div>
            </div>
          </div>
        </div>
        <div
          class="mt-4 sm:mt-0 sm:ml-20"
          id="details"
        >
          <div
            class="mb-5 sm:mb-14"
            id="application_details"
          >
            <p
              class="font-bold text-xl"
            />
            <p
              class="font-normal text-base"
            >
              Your application is pending, we will notify you with decision
            </p>
          </div>
          <div
            class="mb-5 sm:mb-14"
            id="application_description"
          >
            <p
              class="font-bold text-base"
            />
            <p
              class="text-base"
            >
              Online application received
            </p>
          </div>
          <div
            id="additionalInformation"
          >
            <p
              class="font-bold text-base"
            />
            <p
              class="text-base"
            >
              We will notify you as soon as we have process your application.
            </p>
          </div>
        </div>
      </div>
      <div
        class="w-auto sm:w-full flex-grow border-t border-gray-light mx-4 sm:mx-0"
      />
    </section>
  </div>,
  "debug": [Function],
  "findAllByAltText": [Function],
  "findAllByDisplayValue": [Function],
  "findAllByLabelText": [Function],
  "findAllByPlaceholderText": [Function],
  "findAllByRole": [Function],
  "findAllByTestId": [Function],
  "findAllByText": [Function],
  "findAllByTitle": [Function],
  "findByAltText": [Function],
  "findByDisplayValue": [Function],
  "findByLabelText": [Function],
  "findByPlaceholderText": [Function],
  "findByRole": [Function],
  "findByTestId": [Function],
  "findByText": [Function],
  "findByTitle": [Function],
  "getAllByAltText": [Function],
  "getAllByDisplayValue": [Function],
  "getAllByLabelText": [Function],
  "getAllByPlaceholderText": [Function],
  "getAllByRole": [Function],
  "getAllByTestId": [Function],
  "getAllByText": [Function],
  "getAllByTitle": [Function],
  "getByAltText": [Function],
  "getByDisplayValue": [Function],
  "getByLabelText": [Function],
  "getByPlaceholderText": [Function],
  "getByRole": [Function],
  "getByTestId": [Function],
  "getByText": [Function],
  "getByTitle": [Function],
  "queryAllByAltText": [Function],
  "queryAllByDisplayValue": [Function],
  "queryAllByLabelText": [Function],
  "queryAllByPlaceholderText": [Function],
  "queryAllByRole": [Function],
  "queryAllByTestId": [Function],
  "queryAllByText": [Function],
  "queryAllByTitle": [Function],
  "queryByAltText": [Function],
  "queryByDisplayValue": [Function],
  "queryByLabelText": [Function],
  "queryByPlaceholderText": [Function],
  "queryByRole": [Function],
  "queryByTestId": [Function],
  "queryByText": [Function],
  "queryByTitle": [Function],
  "rerender": [Function],
  "unmount": [Function],
}
`;
