// Jest Snapshot v1, https://goo.gl/fbAQLP

exports[`Dashboard renders Dashboard 1`] = `
<div>
  <div
    class="layout-container"
  >
    <div
      class="benefit-card"
    >
      <div
        class="layout-container"
      >
        <div
          class="flex mr-12 justify-end"
        >
          <h2
            class="font-bold font-display text-white text-lg px-5 py-1 ml-8 mb-5 rounded-b-md bg-gray-pending"
          >
            Application Submitted
          </h2>
        </div>
        <div
          class="mx-auto sm:grid sm:grid-cols-4 sm:divide-x-2"
        >
          <div
            class="col-span-1 py-4 md:px-0 lg:px-3"
            id="CPP-pending"
          >
            <div
              class="font-bold font-display text-4xl sm:text-2xl lg:text-4xl mb-2 w-44 sm:w-32 lg:w-44"
            >
              Canada Pension Plan
            </div>
          </div>
          <div
            class="sm:hidden w-1/3 flex-grow border-t border-gray-light"
          />
          <div
            class="font-display col-span-3 sm:grid grid-cols-3"
            id="CPP-pending-paymentStartDate"
          >
            <div
              class="py-4 sm:pl-10"
              id="CPP-pending-applicationDate"
            >
              <p
                class="text-base"
              >
                Application submitted on:
              </p>
              <p
                class="font-bold text-lg"
              >
                July 1, 2021
              </p>
            </div>
            <div
              class="py-4 sm:pl-10"
              id="CPP-pending-estimatedDateOfDecision"
            >
              <p
                class="text-base w-44"
              >
                Estimated date of decision
              </p>
              <p
                class="font-bold text-lg"
              >
                July 31, 2021
              </p>
            </div>
            <div
              class="py-4 sm:pl-10"
              id="CPP-pending-progressbar"
            >
              <p
                class="font-display font-bold text-lg"
              >
                In Progress
              </p>
            </div>
          </div>
        </div>
      </div>
      <div
        class="w-auto sm:w-full flex-grow border-t border-gray-light mx-4 sm:mx-0"
      />
      <div
        class="font-display text-lg ml-4 py-5 sm:ml-8"
      >
        <span
          class="font-bold"
        >
          Pending benefits:
        </span>
        <span
          class="ml-2"
        >
          Retirement pension
        </span>
      </div>
      <div
        class="w-auto sm:w-full flex-grow border-t border-gray-light mx-4 sm:mx-0"
      />
      <div>
        <div
          class="bg-gray-lighter mt-6 px-8 py-6"
        >
          <h3
            class="font-display font-bold text-xl"
          >
            All CPP Tasks
          </h3>
          <ul
            class="grid grid-cols-2 gap-x-14 justify-items-start w-full pt-6 md:grid-cols-6"
          >
            <li
              class="font-display font-bold text-left pb-6"
            >
              <a
                href="https://srv136.services.gc.ca/sc/msca-mdsc/portal-portail/pro/vupi-vupi/view-payment-information.action"
              >
                <img
                  alt=""
                  class="font-normal pb-3 px-8"
                  src="/images/dashboard/oas-payment-icon.svg"
                />
                <p
                  class="w-36 font-normal px-5 text-sm"
                >
                  View all payments
                </p>
              </a>
            </li>
            <li
              class="font-display font-bold text-left pb-6"
            >
              <a
                href="https://srv136.services.gc.ca/sc/msca-mdsc/portal-portail/pro/vmas-vemd/view-application-status.action"
              >
                <img
                  alt=""
                  class="font-normal pb-3 px-8"
                  src="/images/dashboard/oas-updates-message-icon.svg"
                />
                <p
                  class="w-36 font-normal px-5 text-sm"
                >
                  View my status and messages
                </p>
              </a>
            </li>
            <li
              class="font-display font-bold text-left pb-6"
            >
              <a
                href="https://srv136.services.gc.ca/sc/msca-mdsc/portal-portail/pro/socv-vecc/socv/estimated-benefits"
              >
                <img
                  alt=""
                  class="font-normal pb-3 px-8"
                  src="/images/dashboard/oas-retirement-income-icon.svg"
                />
                <p
                  class="w-36 font-normal px-5 text-sm"
                >
                  Estimate retirement income
                </p>
              </a>
            </li>
            <li
              class="font-display font-bold text-left pb-6"
            >
              <a
                href="https://srv136.services.gc.ca/sc/msca-mdsc/portal-portail/pro/tiso-frfd/tax-slip"
              >
                <img
                  alt=""
                  class="font-normal pb-3 px-8"
                  src="/images/dashboard/oas-tax-slip-icon.svg"
                />
                <p
                  class="w-36 font-normal px-5 text-sm"
                >
                  View tax slips
                </p>
              </a>
            </li>
            <li
              class="font-display font-bold text-left pb-6"
            >
              <a
                href="https://srv136.services.gc.ca/sc/msca-mdsc/portal-portail/pro/socv-vecc/socv/estimated-benefits"
              >
                <img
                  alt=""
                  class="font-normal pb-3 px-8"
                  src="/images/dashboard/oas-request-for-reconsideration-icon.svg "
                />
                <p
                  class="w-36 font-normal px-5 text-sm"
                >
                  Request for reconsideration
                </p>
              </a>
            </li>
            <li
              class="font-display font-bold text-left pb-6"
            >
              <a
                href="https://srv136.services.gc.ca/sc/msca-mdsc/portal-portail/pro/vupi-vupi/delay-oas-pension.action"
              >
                <img
                  alt=""
                  class="font-normal pb-3 px-8"
                  src="/images/dashboard/oas-delay-receiving-pension-icon.svg"
                />
                <p
                  class="w-36 font-normal px-5 text-sm"
                >
                  Delay receiving my OAS pension
                </p>
              </a>
            </li>
          </ul>
        </div>
      </div>
      <button
        class="pl-5 py-5 sm:pl-10"
      >
        View more +
      </button>
    </div>
    <div
      class="benefit-card"
    >
      <div
        class="px-4 md:px-6"
      >
        <div
          class="flex mr-10 justify-end"
        >
          <h2
            class="font-bold font-display text-lg px-12 py-1 mb-5 rounded-b-md text-white bg-green-active"
          >
            Active
          </h2>
        </div>
        <div
          class="mx-auto sm:grid sm:grid-cols-4 sm:divide-x-2"
        >
          <div
            class="col-span-1 py-4 md:px-0 lg:px-3"
            id="CPP-active"
          >
            <div
              class="font-bold font-display text-4xl sm:text-2xl lg:text-4xl mb-2 w-44 sm:w-32 lg:w-44"
            >
              Canada Pension Plan
            </div>
          </div>
          <div
            class="sm:hidden w-1/3 flex-grow border-t border-gray-light"
          />
          <div
            class="font-display grid-cols-3 col-span-3 py-4 sm:grid sm:pl-10"
            id="CPP-active-paymentStartDate"
          >
            <div
              id="CPP-active-nextPaymentAmount"
            >
              <p
                class="text-base"
              >
                Payment amount
              </p>
              <p
                class="font-bold text-4xl mt-1"
              >
                734.34
              </p>
              <a
                class="text-sm mt-1 text-bright-blue-solid underline"
                href="./dashboard"
              >
                View my payments +
              </a>
            </div>
            <div
              class="relative mb-20 mt-7 sm:mt-0"
              id="CPP-active-nextPaymentDueDate"
            >
              <p>
                Next payment:
              </p>
              <p
                class="text-green-active"
              >
                September 30, 2021
              </p>
            </div>
            <div
              class="py-4 sm:pl-10"
              id="CPP-active-latestUpdates"
            >
              <p
                class="font-display font-bold text-lg"
              >
                Complete
              </p>
            </div>
          </div>
        </div>
      </div>
      <div
        class="w-auto sm:w-full flex-grow border-t border-gray-light mx-4 sm:mx-0"
      />
      <div
        class="font-display text-lg ml-4 py-5 sm:ml-8"
      >
        <span
          class="font-bold"
        >
          Active benefits:
        </span>
        <span
          class="ml-2"
        >
          Retirement pension
        </span>
      </div>
      <div
        class="w-auto sm:w-full flex-grow border-t border-gray-light mx-4 sm:mx-0"
      />
      <div>
        <div
          class="bg-gray-lighter mt-6 px-8 py-6"
        >
          <h3
            class="font-display font-bold text-xl"
          >
            All CPP Tasks
          </h3>
          <ul
            class="grid grid-cols-2 gap-x-14 justify-items-start w-full pt-6 md:grid-cols-6"
          >
            <li
              class="font-display font-bold text-left pb-6"
            >
              <a
                href="https://srv136.services.gc.ca/sc/msca-mdsc/portal-portail/pro/vupi-vupi/view-payment-information.action"
              >
                <img
                  alt=""
                  class="font-normal pb-3 px-8"
                  src="/images/dashboard/oas-payment-icon.svg"
                />
                <p
                  class="w-36 font-normal px-5 text-sm"
                >
                  View all payments
                </p>
              </a>
            </li>
            <li
              class="font-display font-bold text-left pb-6"
            >
              <a
                href="https://srv136.services.gc.ca/sc/msca-mdsc/portal-portail/pro/vmas-vemd/view-application-status.action"
              >
                <img
                  alt=""
                  class="font-normal pb-3 px-8"
                  src="/images/dashboard/oas-updates-message-icon.svg"
                />
                <p
                  class="w-36 font-normal px-5 text-sm"
                >
                  View my status and messages
                </p>
              </a>
            </li>
            <li
              class="font-display font-bold text-left pb-6"
            >
              <a
                href="https://srv136.services.gc.ca/sc/msca-mdsc/portal-portail/pro/socv-vecc/socv/estimated-benefits"
              >
                <img
                  alt=""
                  class="font-normal pb-3 px-8"
                  src="/images/dashboard/oas-retirement-income-icon.svg"
                />
                <p
                  class="w-36 font-normal px-5 text-sm"
                >
                  Estimate retirement income
                </p>
              </a>
            </li>
            <li
              class="font-display font-bold text-left pb-6"
            >
              <a
                href="https://srv136.services.gc.ca/sc/msca-mdsc/portal-portail/pro/tiso-frfd/tax-slip"
              >
                <img
                  alt=""
                  class="font-normal pb-3 px-8"
                  src="/images/dashboard/oas-tax-slip-icon.svg"
                />
                <p
                  class="w-36 font-normal px-5 text-sm"
                >
                  View tax slips
                </p>
              </a>
            </li>
            <li
              class="font-display font-bold text-left pb-6"
            >
              <a
                href="https://srv136.services.gc.ca/sc/msca-mdsc/portal-portail/pro/reqr-demr/"
              >
                <img
                  alt=""
                  class="font-normal pb-3 px-8"
                  src="/images/dashboard/oas-request-for-reconsideration-icon.svg "
                />
                <p
                  class="w-36 font-normal px-5 text-sm"
                >
                  Request for reconsideration
                </p>
              </a>
            </li>
            <li
              class="font-display font-bold text-left pb-6"
            >
              <a
                href="https://srv136.services.gc.ca/sc/msca-mdsc/portal-portail/pro/vupi-vupi/delay-oas-pension.action"
              >
                <img
                  alt=""
                  class="font-normal pb-3 px-8"
                  src="/images/dashboard/oas-delay-receiving-pension-icon.svg"
                />
                <p
                  class="w-36 font-normal px-5 text-sm"
                >
                  Delay receiving my OAS pension
                </p>
              </a>
            </li>
          </ul>
        </div>
      </div>
      <button
        class="pl-5 py-5 sm:pl-10"
      >
        View more +
      </button>
    </div>
    <div
      class="benefit-card"
    >
      <div
        class="layout-container"
      >
        <div
          class="flex mr-12 justify-end"
        >
          <h2
            class="font-bold font-display text-white text-lg px-5 py-1 ml-8 mb-5 rounded-b-md bg-gray-pending"
          >
            Application Submitted
          </h2>
        </div>
        <div
          class="mx-auto sm:grid sm:grid-cols-4 sm:divide-x-2"
        >
          <div
            class="col-span-1 py-4 md:px-0 lg:px-3"
            id="OAS-pending"
          >
            <div
              class="font-bold font-display text-4xl sm:text-2xl lg:text-4xl mb-2 w-44 sm:w-32 lg:w-44"
            >
              Old Age Security
            </div>
          </div>
          <div
            class="sm:hidden w-1/3 flex-grow border-t border-gray-light"
          />
          <div
            class="font-display col-span-3 sm:grid grid-cols-3"
            id="OAS-pending-paymentStartDate"
          >
            <div
              class="py-4 sm:pl-10"
              id="OAS-pending-applicationDate"
            >
              <p
                class="text-base"
              >
                Application submitted on:
              </p>
              <p
                class="font-bold text-lg"
              >
                July 1, 2021
              </p>
            </div>
            <div
              class="py-4 sm:pl-10"
              id="OAS-pending-estimatedDateOfDecision"
            >
              <p
                class="text-base w-44"
              >
                Estimated date of decision
              </p>
              <p
                class="font-bold text-lg"
              >
                July 31, 2021
              </p>
            </div>
            <div
              class="py-4 sm:pl-10"
              id="OAS-pending-progressbar"
            >
              <p
                class="font-display font-bold text-lg"
              >
                In Progress
              </p>
            </div>
          </div>
        </div>
      </div>
      <div
        class="w-auto sm:w-full flex-grow border-t border-gray-light mx-4 sm:mx-0"
      />
      <div
        class="font-display text-lg ml-4 py-5 sm:ml-8"
      >
        <span
          class="font-bold"
        >
          Pending benefits:
        </span>
        <span
          class="ml-2"
        >
          Old age security pension
        </span>
      </div>
      <div
        class="w-auto sm:w-full flex-grow border-t border-gray-light mx-4 sm:mx-0"
      />
      <div>
        <div
          class="bg-gray-lighter mt-6 px-8 py-6"
        >
          <h3
            class="font-display font-bold text-xl"
          >
            All OAS Tasks
          </h3>
          <ul
            class="grid grid-cols-2 gap-x-14 justify-items-start w-full pt-6 md:grid-cols-6"
          >
            <li
              class="font-display font-bold text-left pb-6"
            >
              <a
                href="https://srv136.services.gc.ca/sc/msca-mdsc/portal-portail/pro/vupi-vupi/view-payment-information.action"
              >
                <img
                  alt=""
                  class="font-normal pb-3 px-8"
                  src="/images/dashboard/oas-payment-icon.svg"
                />
                <p
                  class="w-36 font-normal px-5 text-sm"
                >
                  View all payments
                </p>
              </a>
            </li>
            <li
              class="font-display font-bold text-left pb-6"
            >
              <a
                href="https://srv136.services.gc.ca/sc/msca-mdsc/portal-portail/pro/vmas-vemd/view-application-status.action"
              >
                <img
                  alt=""
                  class="font-normal pb-3 px-8"
                  src="/images/dashboard/oas-updates-message-icon.svg"
                />
                <p
                  class="w-36 font-normal px-5 text-sm"
                >
                  View my status and messages
                </p>
              </a>
            </li>
            <li
              class="font-display font-bold text-left pb-6"
            >
              <a
                href="https://srv136.services.gc.ca/sc/msca-mdsc/portal-portail/pro/socv-vecc/socv/estimated-benefits"
              >
                <img
                  alt=""
                  class="font-normal pb-3 px-8"
                  src="/images/dashboard/oas-retirement-income-icon.svg"
                />
                <p
                  class="w-36 font-normal px-5 text-sm"
                >
                  Estimate retirement income
                </p>
              </a>
            </li>
            <li
              class="font-display font-bold text-left pb-6"
            >
              <a
                href="https://srv136.services.gc.ca/sc/msca-mdsc/portal-portail/pro/socv-vecc/socv/earnings-contributions"
              >
                <img
                  alt=""
                  class="font-normal pb-3 px-8"
                  src="/images/dashboard/oas-cpp-contributions-icon.svg"
                />
                <p
                  class="w-36 font-normal px-5 text-sm"
                >
                  View my Canada Pension Plan contributions
                </p>
              </a>
            </li>
            <li
              class="font-display font-bold text-left pb-6"
            >
              <a
                href="https://srv136.services.gc.ca/sc/msca-mdsc/portal-portail/pro/vupi-vupi/view-tax-deduction.action"
              >
                <img
                  alt=""
                  class="font-normal pb-3 px-8"
                  src="/images/dashboard/oas-federal-tax-deductions-icon.svg"
                />
                <p
                  class="w-36 font-normal px-5 text-sm"
                >
                  Ask for tax deductions
                </p>
              </a>
            </li>
            <li
              class="font-display font-bold text-left pb-6"
            >
              <a
                href="https://srv136.services.gc.ca/sc/msca-mdsc/portal-portail/pro/vupi-vupi/delay-oas-pension.action"
              >
                <img
                  alt=""
                  class="font-normal pb-3 px-8"
                  src="/images/dashboard/oas-delay-receiving-pension-icon.svg"
                />
                <p
                  class="w-36 font-normal px-5 text-sm"
                >
                  Delay receiving my OAS pension
                </p>
              </a>
            </li>
          </ul>
        </div>
      </div>
      <button
        class="pl-5 py-5 sm:pl-10"
      >
        View more +
      </button>
    </div>
    <div
      class="benefit-card"
    >
      <div
        class="px-4 md:px-6"
      >
        <div
          class="flex mr-10 justify-end"
        >
          <h2
            class="font-bold font-display text-lg px-12 py-1 mb-5 rounded-b-md text-white bg-green-active"
          >
            Active
          </h2>
        </div>
        <div
          class="mx-auto sm:grid sm:grid-cols-4 sm:divide-x-2"
        >
          <div
            class="col-span-1 py-4 md:px-0 lg:px-3"
            id="OAS-active"
          >
            <div
              class="font-bold font-display text-4xl sm:text-2xl lg:text-4xl mb-2 w-44 sm:w-32 lg:w-44"
            >
              Old Age Security
            </div>
          </div>
          <div
            class="sm:hidden w-1/3 flex-grow border-t border-gray-light"
          />
          <div
            class="font-display grid-cols-3 col-span-3 py-4 sm:grid sm:pl-10"
            id="OAS-active-paymentStartDate"
          >
            <div
              id="OAS-active-nextPaymentAmount"
            >
              <p
                class="text-base"
              >
                Payment amount
              </p>
              <p
                class="font-bold text-4xl mt-1"
              >
                691.45
              </p>
              <a
                class="text-sm mt-1 text-bright-blue-solid underline"
                href="./dashboard"
              >
                View my payments +
              </a>
            </div>
            <div
              class="relative mb-20 mt-7 sm:mt-0"
              id="OAS-active-nextPaymentDueDate"
            >
              <p>
                Next payment:
              </p>
              <p
                class="text-green-active"
              >
                September 30, 2021
              </p>
            </div>
            <div
              class="py-4 sm:pl-10"
              id="OAS-active-latestUpdates"
            >
              <p
                class="font-display font-bold text-lg"
              >
                Complete
              </p>
            </div>
          </div>
        </div>
      </div>
      <div
        class="w-auto sm:w-full flex-grow border-t border-gray-light mx-4 sm:mx-0"
      />
      <div
        class="font-display text-lg ml-4 py-5 sm:ml-8"
      >
        <span
          class="font-bold"
        >
          Active benefits:
        </span>
        <span
          class="ml-2"
        >
          Old age security pension
        </span>
      </div>
      <div
        class="w-auto sm:w-full flex-grow border-t border-gray-light mx-4 sm:mx-0"
      />
      <div>
        <div
          class="bg-gray-lighter mt-6 px-8 py-6"
        >
          <h3
            class="font-display font-bold text-xl"
          >
            All OAS Tasks
          </h3>
          <ul
            class="grid grid-cols-2 gap-x-14 justify-items-start w-full pt-6 md:grid-cols-6"
          >
            <li
              class="font-display font-bold text-left pb-6"
            >
              <a
                href="https://srv136.services.gc.ca/sc/msca-mdsc/portal-portail/pro/vupi-vupi/view-payment-information.action"
              >
                <img
                  alt=""
                  class="font-normal pb-3 px-8"
                  src="/images/dashboard/oas-payment-icon.svg"
                />
                <p
                  class="w-36 font-normal px-5 text-sm"
                >
                  View all payments
                </p>
              </a>
            </li>
            <li
              class="font-display font-bold text-left pb-6"
            >
              <a
                href="https://srv136.services.gc.ca/sc/msca-mdsc/portal-portail/pro/vmas-vemd/view-application-status.action"
              >
                <img
                  alt=""
                  class="font-normal pb-3 px-8"
                  src="/images/dashboard/oas-updates-message-icon.svg"
                />
                <p
                  class="w-36 font-normal px-5 text-sm"
                >
                  View my status and messages
                </p>
              </a>
            </li>
            <li
              class="font-display font-bold text-left pb-6"
            >
              <a
                href="https://srv136.services.gc.ca/sc/msca-mdsc/portal-portail/pro/tiso-frfd/tax-slip"
              >
                <img
                  alt=""
                  class="font-normal pb-3 px-8"
                  src="/images/dashboard/oas-tax-slip-icon.svg"
                />
                <p
                  class="w-36 font-normal px-5 text-sm"
                >
                  View tax slips
                </p>
              </a>
            </li>
            <li
              class="font-display font-bold text-left pb-6"
            >
              <a
                href="https://srv136.services.gc.ca/sc/msca-mdsc/portal-portail/pro/tiso-frfd/mailing-option"
              >
                <img
                  alt=""
                  class="font-normal pb-3 px-8"
                  src="/images/dashboard/oas-tax-slip-mailing-icon.svg"
                />
                <p
                  class="w-36 font-normal px-5 text-sm"
                >
                  Tax slip mailing options
                </p>
              </a>
            </li>
            <li
              class="font-display font-bold text-left pb-6"
            >
              <a
                href="https://srv136.services.gc.ca/sc/msca-mdsc/portal-portail/pro/vupi-vupi/view-tax-deduction.action"
              >
                <img
                  alt=""
                  class="font-normal pb-3 px-8"
                  src="/images/dashboard/oas-federal-tax-deductions-icon.svg"
                />
                <p
                  class="w-36 font-normal px-5 text-sm"
                >
                  Ask for tax deductions
                </p>
              </a>
            </li>
            <li
              class="font-display font-bold text-left pb-6"
            >
              <a
                href="https://srv136.services.gc.ca/sc/msca-mdsc/portal-portail/pro/vupi-vupi/delay-oas-pension.action"
              >
                <img
                  alt=""
                  class="font-normal pb-3 px-8"
                  src="/images/dashboard/oas-delay-receiving-pension-icon.svg"
                />
                <p
                  class="w-36 font-normal px-5 text-sm"
                >
                  Delay receiving my OAS pension
                </p>
              </a>
            </li>
          </ul>
        </div>
      </div>
      <button
        class="pl-5 py-5 sm:pl-10"
      >
        View more +
      </button>
    </div>
    <div
      class="benefit-card"
    >
      <div
        class="layout-container"
      >
        <div
          class="flex mr-12 justify-end"
        >
          <h2
            class="font-bold font-display text-white text-lg px-5 py-1 ml-8 mb-5 rounded-b-md bg-gray-pending"
          >
            Application Submitted
          </h2>
        </div>
        <div
          class="mx-auto sm:grid sm:grid-cols-4 sm:divide-x-2"
        >
          <div
            class="col-span-1 py-4 md:px-0 lg:px-3"
            id="EI-pending"
          >
            <div
              class="font-bold font-display text-4xl sm:text-2xl lg:text-4xl mb-2 w-44 sm:w-32 lg:w-44"
            >
              Employment Insurance
            </div>
          </div>
          <div
            class="sm:hidden w-1/3 flex-grow border-t border-gray-light"
          />
          <div
            class="font-display col-span-3 sm:grid grid-cols-3"
            id="EI-pending-paymentStartDate"
          >
            <div
              class="py-4 sm:pl-10"
              id="EI-pending-applicationDate"
            >
              <p
                class="text-base"
              >
                Application submitted on:
              </p>
              <p
                class="font-bold text-lg"
              >
                September 1, 2021
              </p>
            </div>
            <div
              class="py-4 sm:pl-10"
              id="EI-pending-estimatedDateOfDecision"
            >
              <p
                class="text-base w-44"
              >
                Estimated date of decision
              </p>
              <p
                class="font-bold text-lg"
              >
                September 30, 2021
              </p>
            </div>
            <div
              class="py-4 sm:pl-10"
              id="EI-pending-progressbar"
            >
              <p
                class="font-display font-bold text-lg"
              >
                Questionnaire received -training
              </p>
            </div>
          </div>
        </div>
      </div>
      <div
        class="w-auto sm:w-full flex-grow border-t border-gray-light mx-4 sm:mx-0"
      />
      <div
        class="font-display text-lg ml-4 py-5 sm:ml-8"
      >
        <span
          class="font-bold"
        >
          Pending benefits:
        </span>
        <span
          class="ml-2"
        >
          Regular benefits
        </span>
      </div>
      <div
        class="w-auto sm:w-full flex-grow border-t border-gray-light mx-4 sm:mx-0"
      />
      <div>
        <div
          class="bg-gray-lighter mt-6 px-8 py-6"
        >
          <h3
            class="font-display font-bold text-xl"
          >
            All EI Tasks
          </h3>
          <ul
            class="grid grid-cols-2 gap-x-14 justify-items-start w-full pt-6 md:grid-cols-6"
          >
            <li
              class="font-display font-bold text-left pb-6"
            >
              <a
                href="https://srv136.services.gc.ca/sc/msca-mdsc/portal-portail/pro/home-accueil/ei-correspondence"
              >
                <img
                  alt=""
                  class="font-normal pb-3 px-8"
                  src="/images/dashboard/oas-updates-message-icon.svg"
                />
                <p
                  class="w-36 font-normal px-5 text-sm"
                >
                  View my status and messages
                </p>
              </a>
            </li>
            <li
              class="font-display font-bold text-left pb-6"
            >
              <a
                href="https://www.canada.ca/en/services/benefits/ei/employment-insurance-reporting.html#Internet-Reporting-Service"
              >
                <img
                  alt=""
                  class="font-normal pb-3 px-8"
                  src="/images/dashboard/ei-insurance-report-icon.svg"
                />
                <p
                  class="w-36 font-normal px-5 text-sm"
                >
                  Complete your Employment Insurance reports
                </p>
              </a>
            </li>
            <li
              class="font-display font-bold text-left pb-6"
            >
              <a
                href="https://srv136.services.gc.ca/sc/msca-mdsc/portal-portail/pro/ei-ae/meiio-mraed/Pages/MyPayments.aspx?prov=6"
              >
                <img
                  alt=""
                  class="font-normal pb-3 px-8"
                  src="/images/dashboard/ei-view-payment-info-icon.svg"
                />
                <p
                  class="w-36 font-normal px-5 text-sm"
                >
                  View my payment information
                </p>
              </a>
            </li>
            <li
              class="font-display font-bold text-left pb-6"
            >
              <a
                href="/dashboard"
              >
                <img
                  alt=""
                  class="font-normal pb-3 px-8"
                  src="/images/dashboard/ei-access-code.svg"
                />
                <p
                  class="w-36 font-normal px-5 text-sm"
                >
                  Access code
                </p>
              </a>
            </li>
            <li
              class="font-display font-bold text-left pb-6"
            >
              <a
                href="https://srv136.services.gc.ca/sc/msca-mdsc/portal-portail/pro/home-accueil/ei-doc-upload-instruction"
              >
                <img
                  alt=""
                  class="font-normal pb-3 px-8"
                  src="/images/dashboard/ei-submit-documents-icon.svg"
                />
                <p
                  class="w-36 font-normal px-5 text-sm"
                >
                  Submit documents
                </p>
              </a>
            </li>
            <li
              class="font-display font-bold text-left pb-6"
            >
              <a
                href="https://srv136.services.gc.ca/msca-mdsc/eq-qe/proxy/index/321"
              >
                <img
                  alt=""
                  class="font-normal pb-3 px-8"
                  src="/images/dashboard/ei-view-documents-icon.svg"
                />
                <p
                  class="w-36 font-normal px-5 text-sm"
                >
                  View documents
                </p>
              </a>
            </li>
          </ul>
        </div>
      </div>
      <button
        class="pl-5 py-5 sm:pl-10"
      >
        View more +
      </button>
    </div>
    <div
      class="benefit-card"
    >
      <div
        class="px-4 md:px-6"
      >
        <div
          class="flex mr-10 justify-end"
        >
          <h2
            class="font-bold font-display text-lg px-12 py-1 mb-5 rounded-b-md text-white bg-green-active"
          >
            Active
          </h2>
        </div>
        <div
          class="mx-auto sm:grid sm:grid-cols-4 sm:divide-x-2"
        >
          <div
            class="col-span-1 py-4 md:px-0 lg:px-3"
            id="EI-active"
          >
            <div
              class="font-bold font-display text-4xl sm:text-2xl lg:text-4xl mb-2 w-44 sm:w-32 lg:w-44"
            >
              Employment Insurance
            </div>
          </div>
          <div
            class="sm:hidden w-1/3 flex-grow border-t border-gray-light"
          />
          <div
            class="font-display grid-cols-3 col-span-3 py-4 sm:grid sm:pl-10"
            id="EI-active-paymentStartDate"
          >
            <div
              id="EI-active-nextPaymentAmount"
            >
              <p
                class="text-base"
              >
                Payment amount
              </p>
              <p
                class="font-bold text-4xl mt-1"
              >
                691.45
              </p>
              <a
                class="text-sm mt-1 text-bright-blue-solid underline"
                href="./dashboard"
              >
                View my payments +
              </a>
            </div>
            <div
              class="relative mb-20 mt-7 sm:mt-0"
              id="EI-active-nextPaymentDueDate"
            >
              <p>
                Next report due:
              </p>
              <p
                class="text-green-active"
              >
                September 30, 2021
              </p>
            </div>
            <div
              class="py-4 sm:pl-10"
              id="EI-active-latestUpdates"
            >
              <p
                class="font-display font-bold text-lg"
              >
                Training information added
              </p>
            </div>
          </div>
        </div>
      </div>
      <div
        class="w-auto sm:w-full flex-grow border-t border-gray-light mx-4 sm:mx-0"
      />
      <div
        class="font-display text-lg ml-4 py-5 sm:ml-8"
      >
        <span
          class="font-bold"
        >
          Active benefits:
        </span>
        <span
          class="ml-2"
        >
          Regular benefits
        </span>
      </div>
      <div
        class="w-auto sm:w-full flex-grow border-t border-gray-light mx-4 sm:mx-0"
      />
      <div>
        <div
          class="bg-gray-lighter mt-6 px-8 py-6"
        >
          <h3
            class="font-display font-bold text-xl"
          >
            All EI Tasks
          </h3>
          <ul
            class="grid grid-cols-2 gap-x-14 justify-items-start w-full pt-6 md:grid-cols-6"
          >
            <li
              class="font-display font-bold text-left pb-6"
            >
              <a
                href="https://srv136.services.gc.ca/sc/msca-mdsc/portal-portail/pro/home-accueil/ei-correspondence"
              >
                <img
                  alt=""
                  class="font-normal pb-3 px-8"
                  src="/images/dashboard/oas-updates-message-icon.svg"
                />
                <p
                  class="w-36 font-normal px-5 text-sm"
                >
                  View my status and messages
                </p>
              </a>
            </li>
            <li
              class="font-display font-bold text-left pb-6"
            >
              <a
                href="https://www.canada.ca/en/services/benefits/ei/employment-insurance-reporting.html#Internet-Reporting-Service"
              >
                <img
                  alt=""
                  class="font-normal pb-3 px-8"
                  src="/images/dashboard/ei-insurance-report-icon.svg"
                />
                <p
                  class="w-36 font-normal px-5 text-sm"
                >
                  Complete your Employment Insurance reports
                </p>
              </a>
            </li>
            <li
              class="font-display font-bold text-left pb-6"
            >
              <a
                href="https://srv136.services.gc.ca/sc/msca-mdsc/portal-portail/pro/ei-ae/meiio-mraed/Pages/MyPayments.aspx?prov=6"
              >
                <img
                  alt=""
                  class="font-normal pb-3 px-8"
                  src="/images/dashboard/ei-view-payment-info-icon.svg"
                />
                <p
                  class="w-36 font-normal px-5 text-sm"
                >
                  View my payment information
                </p>
              </a>
            </li>
            <li
              class="font-display font-bold text-left pb-6"
            >
              <a
                href="/dashboard"
              >
                <img
                  alt=""
                  class="font-normal pb-3 px-8"
                  src="/images/dashboard/ei-access-code.svg"
                />
                <p
                  class="w-36 font-normal px-5 text-sm"
                >
                  Access code
                </p>
              </a>
            </li>
            <li
              class="font-display font-bold text-left pb-6"
            >
              <a
                href="https://srv136.services.gc.ca/sc/msca-mdsc/portal-portail/pro/ei-ae/meiio-mraed/Pages/MyPastClaims.aspx?prov=6"
              >
                <img
                  alt=""
                  class="font-normal pb-3 px-8"
                  src="/images/dashboard/ei-past-claims-icon.svg"
                />
                <p
                  class="w-36 font-normal px-5 text-sm"
                >
                  View my past claims
                </p>
              </a>
            </li>
            <li
              class="font-display font-bold text-left pb-6"
            >
              <a
                href="View my Records of Employment"
              >
                <img
                  alt=""
                  class="font-normal pb-3 px-8"
                  src="/images/dashboard/ei-record-of-employment-icon.svg"
                />
                <p
                  class="w-36 font-normal px-5 text-sm"
                >
                  View my Records of Employment
                </p>
              </a>
            </li>
          </ul>
        </div>
      </div>
      <button
        class="pl-5 py-5 sm:pl-10"
      >
        View more +
      </button>
    </div>
    <div
      class="benefit-card"
    >
      <div
        class="px-4 md:px-6"
      >
        <div
          class="flex mr-10 justify-end"
        >
          <h2
            class="font-bold font-display text-lg px-12 py-1 mb-5 rounded-b-md text-white bg-gray-inactive"
          >
            Inactive
          </h2>
        </div>
        <div
          class="mx-auto sm:grid sm:grid-cols-4 sm:divide-x-2"
        >
          <div
            class="col-span-1 py-4 md:px-0 lg:px-3"
            id="EI-inactive-title"
          >
            <div
              class="font-bold font-display text-4xl sm:text-2xl lg:text-4xl mb-2 w-44 sm:w-32 lg:w-44"
            >
              Employment Insurance
            </div>
          </div>
          <div
            class="sm:hidden w-1/3 flex-grow border-t border-gray-light"
          />
          <div
            class="font-display py-4 sm:grid sm:pl-10"
            id="EI-inactive-pastClaimOverview"
          >
            <p
              class="font-bold text-lg mt-4"
            >
              Your past EI claim overview
            </p>
          </div>
        </div>
      </div>
      <div
        class="w-auto sm:w-full flex-grow border-t border-gray-light mx-4 sm:mx-0"
      />
      <div
        class="font-display text-lg ml-4 py-5 sm:ml-8"
      >
        <span
          class="font-bold"
        >
          You have no active EI benefit
        </span>
      </div>
      <div
        class="w-auto sm:w-full flex-grow border-t border-gray-light mx-4 sm:mx-0"
      />
      <div>
        <div
          class="bg-gray-lighter mt-6 px-8 py-6"
        >
          <h3
            class="font-display font-bold text-xl"
          >
            All EI Tasks
          </h3>
          <ul
            class="grid grid-cols-2 gap-x-14 justify-items-start w-full pt-6 md:grid-cols-6"
          >
            <li
              class="font-display font-bold text-left pb-6"
            >
              <a
                href="View my Records of Employment"
              >
                <img
                  alt=""
                  class="font-normal pb-3 px-8"
                  src="/images/dashboard/ei-record-of-employment-icon.svg"
                />
                <p
                  class="w-36 font-normal px-5 text-sm"
                >
                  View my Records of Employment
                </p>
              </a>
            </li>
            <li
              class="font-display font-bold text-left pb-6"
            >
              <a
                href="https://srv136.services.gc.ca/sc/msca-mdsc/portal-portail/pro/ei-ae/meiio-mraed/Pages/MyPastClaims.aspx?prov=6"
              >
                <img
                  alt=""
                  class="font-normal pb-3 px-8"
                  src="/images/dashboard/ei-past-claims-icon.svg"
                />
                <p
                  class="w-36 font-normal px-5 text-sm"
                >
                  View my past claims
                </p>
              </a>
            </li>
            <li
              class="font-display font-bold text-left pb-6"
            >
              <a
                href="https://srv136.services.gc.ca/sc/msca-mdsc/portal-portail/pro/ei-ae/meiio-mraed/Pages/MyPayments.aspx?prov=6"
              >
                <img
                  alt=""
                  class="font-normal pb-3 px-8"
                  src="/images/dashboard/ei-view-payment-info-icon.svg"
                />
                <p
                  class="w-36 font-normal px-5 text-sm"
                >
                  View my payment information
                </p>
              </a>
            </li>
            <li
              class="font-display font-bold text-left pb-6"
            >
              <a
                href="https://srv136.services.gc.ca/sc/msca-mdsc/portal-portail/pro/tiso-frfd/tax-slip"
              >
                <img
                  alt=""
                  class="font-normal pb-3 px-8"
                  src="/images/dashboard/oas-tax-slip-icon.svg"
                />
                <p
                  class="w-36 font-normal px-5 text-sm"
                >
                  View tax slips, T4E
                </p>
              </a>
            </li>
          </ul>
        </div>
      </div>
      <button
        class="pl-5 py-5 sm:pl-10"
      >
        View more +
      </button>
    </div>
    <div
      class="benefit-card"
    >
      <div
        class="layout-container"
      >
        <div
          class="flex mr-12 justify-end"
        >
          <h2
            class="font-bold font-display text-white text-lg px-5 py-1 ml-8 mb-5 rounded-b-md bg-gray-pending"
          >
            Application Submitted
          </h2>
        </div>
        <div
          class="mx-auto sm:grid sm:grid-cols-4 sm:divide-x-2"
        >
          <div
            class="col-span-1 py-4 md:px-0 lg:px-3"
            id="CPPD-pending"
          >
            <div
              class="font-bold font-display text-4xl sm:text-2xl lg:text-4xl mb-2 w-44 sm:w-32 lg:w-44"
            >
              Canada Pension Plan
            </div>
          </div>
          <div
            class="sm:hidden w-1/3 flex-grow border-t border-gray-light"
          />
          <div
            class="font-display col-span-3 sm:grid grid-cols-3"
            id="CPPD-pending-paymentStartDate"
          >
            <div
              class="py-4 sm:pl-10"
              id="CPPD-pending-applicationDate"
            >
              <p
                class="text-base"
              >
                Application submitted on:
              </p>
              <p
                class="font-bold text-lg"
              >
                July 1, 2021
              </p>
            </div>
            <div
              class="py-4 sm:pl-10"
              id="CPPD-pending-estimatedDateOfDecision"
            >
              <p
                class="text-base w-44"
              >
                Estimated date of decision
              </p>
              <p
                class="font-bold text-lg"
              >
                July 31, 2021
              </p>
            </div>
            <div
              class="py-4 sm:pl-10"
              id="CPPD-pending-progressbar"
            >
              <p
                class="font-display font-bold text-lg"
              >
                In Progress
              </p>
            </div>
          </div>
        </div>
      </div>
      <div
        class="w-auto sm:w-full flex-grow border-t border-gray-light mx-4 sm:mx-0"
      />
      <div
        class="font-display text-lg ml-4 py-5 sm:ml-8"
      >
        <span
          class="font-bold"
        >
          Pending benefits:
        </span>
        <span
          class="ml-2"
        >
          Disability
        </span>
      </div>
      <div
        class="w-auto sm:w-full flex-grow border-t border-gray-light mx-4 sm:mx-0"
      />
      <div>
        <div
          class="bg-gray-lighter mt-6 px-8 py-6"
        >
          <h3
            class="font-display font-bold text-xl"
          >
            All CPPD Tasks
          </h3>
          <ul
            class="grid grid-cols-2 gap-x-14 justify-items-start w-full pt-6 md:grid-cols-6"
          >
            <li
              class="font-display font-bold text-left pb-6"
            >
              <a
                href="https://srv136.services.gc.ca/sc/msca-mdsc/portal-portail/pro/vupi-vupi/view-payment-information.action"
              >
                <img
                  alt=""
                  class="font-normal pb-3 px-8"
                  src="/images/dashboard/oas-payment-icon.svg"
                />
                <p
                  class="w-36 font-normal px-5 text-sm"
                >
                  View all payments
                </p>
              </a>
            </li>
            <li
              class="font-display font-bold text-left pb-6"
            >
              <a
                href="https://srv136.services.gc.ca/sc/msca-mdsc/portal-portail/pro/vmas-vemd/view-application-status.action"
              >
                <img
                  alt=""
                  class="font-normal pb-3 px-8"
                  src="/images/dashboard/oas-updates-message-icon.svg"
                />
                <p
                  class="w-36 font-normal px-5 text-sm"
                >
                  View my status and messages
                </p>
              </a>
            </li>
            <li
              class="font-display font-bold text-left pb-6"
            >
              <a
                href="https://srv136.services.gc.ca/sc/msca-mdsc/portal-portail/pro/tiso-frfd/tax-slip"
              >
                <img
                  alt=""
                  class="font-normal pb-3 px-8"
                  src="/images/dashboard/oas-tax-slip-icon.svg"
                />
                <p
                  class="w-36 font-normal px-5 text-sm"
                >
                  View tax slips
                </p>
              </a>
            </li>
            <li
              class="font-display font-bold text-left pb-6"
            >
              <a
                href="https://srv136.services.gc.ca/sc/msca-mdsc/portal-portail/pro/reqr-demr/"
              >
                <img
                  alt=""
                  class="font-normal pb-3 px-8"
                  src="/images/dashboard/oas-request-for-reconsideration-icon.svg "
                />
                <p
                  class="w-36 font-normal px-5 text-sm"
                >
                  Request for reconsideration
                </p>
              </a>
            </li>
            <li
              class="font-display font-bold text-left pb-6"
            >
              <a
                href="https://srv136.services.gc.ca/sc/msca-mdsc/portal-portail/pro/socv-vecc/socv/earnings-contributions"
              >
                <img
                  alt=""
                  class="font-normal pb-3 px-8"
                  src="/images/dashboard/oas-cpp-contributions-icon.svg"
                />
                <p
                  class="w-36 font-normal px-5 text-sm"
                >
                  View my Canada Pension Plan contributions
                </p>
              </a>
            </li>
            <li
              class="font-display font-bold text-left pb-6"
            >
              <a
                href="https://srv136.services.gc.ca/sc/msca-mdsc/portal-portail/pro/vupi-vupi/view-tax-deduction.action"
              >
                <img
                  alt=""
                  class="font-normal pb-3 px-8"
                  src="/images/dashboard/oas-federal-tax-deductions-icon.svg"
                />
                <p
                  class="w-36 font-normal px-5 text-sm"
                >
                  Ask for tax deductions
                </p>
              </a>
            </li>
          </ul>
        </div>
      </div>
      <button
        class="pl-5 py-5 sm:pl-10"
      >
        View more +
      </button>
    </div>
    <div
      class="benefit-card"
    >
      <div
        class="px-4 md:px-6"
      >
        <div
          class="flex mr-10 justify-end"
        >
          <h2
            class="font-bold font-display text-lg px-12 py-1 mb-5 rounded-b-md text-white bg-green-active"
          >
            Active
          </h2>
        </div>
        <div
          class="mx-auto sm:grid sm:grid-cols-4 sm:divide-x-2"
        >
          <div
            class="col-span-1 py-4 md:px-0 lg:px-3"
            id="CPPD-active"
          >
            <div
              class="font-bold font-display text-4xl sm:text-2xl lg:text-4xl mb-2 w-44 sm:w-32 lg:w-44"
            >
              Canada Pension Plan
            </div>
          </div>
          <div
            class="sm:hidden w-1/3 flex-grow border-t border-gray-light"
          />
          <div
            class="font-display grid-cols-3 col-span-3 py-4 sm:grid sm:pl-10"
            id="CPPD-active-paymentStartDate"
          >
            <div
              id="CPPD-active-nextPaymentAmount"
            >
              <p
                class="text-base"
              >
                Payment amount
              </p>
              <p
                class="font-bold text-4xl mt-1"
              >
                612.94
              </p>
              <a
                class="text-sm mt-1 text-bright-blue-solid underline"
                href="./dashboard"
              >
                View my payments +
              </a>
            </div>
            <div
              class="relative mb-20 mt-7 sm:mt-0"
              id="CPPD-active-nextPaymentDueDate"
            >
              <p>
                Next payment:
              </p>
              <p
                class="text-green-active"
              >
                September 30, 2021
              </p>
            </div>
            <div
              class="py-4 sm:pl-10"
              id="CPPD-active-latestUpdates"
            >
              <p
                class="font-display font-bold text-lg"
              >
                Complete
              </p>
            </div>
          </div>
        </div>
      </div>
      <div
        class="w-auto sm:w-full flex-grow border-t border-gray-light mx-4 sm:mx-0"
      />
      <div
        class="font-display text-lg ml-4 py-5 sm:ml-8"
      >
        <span
          class="font-bold"
        >
          Active benefits:
        </span>
        <span
          class="ml-2"
        >
          Disability
        </span>
      </div>
      <div
        class="w-auto sm:w-full flex-grow border-t border-gray-light mx-4 sm:mx-0"
      />
      <div>
        <div
          class="bg-gray-lighter mt-6 px-8 py-6"
        >
          <h3
            class="font-display font-bold text-xl"
          >
            All CPPD Tasks
          </h3>
          <ul
            class="grid grid-cols-2 gap-x-14 justify-items-start w-full pt-6 md:grid-cols-6"
          >
            <li
              class="font-display font-bold text-left pb-6"
            >
              <a
                href="https://srv136.services.gc.ca/sc/msca-mdsc/portal-portail/pro/vupi-vupi/view-payment-information.action"
              >
                <img
                  alt=""
                  class="font-normal pb-3 px-8"
                  src="/images/dashboard/oas-payment-icon.svg"
                />
                <p
                  class="w-36 font-normal px-5 text-sm"
                >
                  View all payments
                </p>
              </a>
            </li>
            <li
              class="font-display font-bold text-left pb-6"
            >
              <a
                href="https://srv136.services.gc.ca/sc/msca-mdsc/portal-portail/pro/vmas-vemd/view-application-status.action"
              >
                <img
                  alt=""
                  class="font-normal pb-3 px-8"
                  src="/images/dashboard/oas-updates-message-icon.svg"
                />
                <p
                  class="w-36 font-normal px-5 text-sm"
                >
                  View my status and messages
                </p>
              </a>
            </li>
            <li
              class="font-display font-bold text-left pb-6"
            >
              <a
                href="https://srv136.services.gc.ca/sc/msca-mdsc/portal-portail/pro/tiso-frfd/tax-slip"
              >
                <img
                  alt=""
                  class="font-normal pb-3 px-8"
                  src="/images/dashboard/oas-tax-slip-icon.svg"
                />
                <p
                  class="w-36 font-normal px-5 text-sm"
                >
                  View tax slips
                </p>
              </a>
            </li>
            <li
              class="font-display font-bold text-left pb-6"
            >
              <a
                href="https://srv136.services.gc.ca/sc/msca-mdsc/portal-portail/pro/reqr-demr/"
              >
                <img
                  alt=""
                  class="font-normal pb-3 px-8"
                  src="/images/dashboard/oas-request-for-reconsideration-icon.svg "
                />
                <p
                  class="w-36 font-normal px-5 text-sm"
                >
                  Request for reconsideration
                </p>
              </a>
            </li>
            <li
              class="font-display font-bold text-left pb-6"
            >
              <a
                href="https://srv136.services.gc.ca/sc/msca-mdsc/portal-portail/pro/socv-vecc/socv/earnings-contributions"
              >
                <img
                  alt=""
                  class="font-normal pb-3 px-8"
                  src="/images/dashboard/oas-cpp-contributions-icon.svg"
                />
                <p
                  class="w-36 font-normal px-5 text-sm"
                >
                  View my Canada Pension Plan contributions
                </p>
              </a>
            </li>
            <li
              class="font-display font-bold text-left pb-6"
            >
              <a
                href="https://srv136.services.gc.ca/sc/msca-mdsc/portal-portail/pro/vupi-vupi/view-tax-deduction.action"
              >
                <img
                  alt=""
                  class="font-normal pb-3 px-8"
                  src="/images/dashboard/oas-federal-tax-deductions-icon.svg"
                />
                <p
                  class="w-36 font-normal px-5 text-sm"
                >
                  Ask for tax deductions
                </p>
              </a>
            </li>
          </ul>
        </div>
      </div>
      <button
        class="pl-5 py-5 sm:pl-10"
      >
        View more +
      </button>
    </div>
    <div
      class="benefit-card"
    >
      <div
        class="px-4 md:px-6"
      >
        <div
          class="flex mr-10 justify-end"
        >
          <h2
            class="font-bold font-display text-lg px-12 py-1 mb-5 rounded-b-md text-white bg-gray-inactive"
          >
            Inactive
          </h2>
        </div>
        <div
          class="mx-auto sm:grid sm:grid-cols-4 sm:divide-x-2"
        >
          <div
            class="col-span-1 py-4 md:px-0 lg:px-3"
            id="CPPD-inactive-title"
          >
            <div
              class="font-bold font-display text-4xl sm:text-2xl lg:text-4xl mb-2 w-44 sm:w-32 lg:w-44"
            >
              Canada Pension Plan
            </div>
          </div>
          <div
            class="sm:hidden w-1/3 flex-grow border-t border-gray-light"
          />
          <div
            class="font-display py-4 sm:grid sm:pl-10"
            id="CPPD-inactive-pastClaimOverview"
          >
            <p
              class="font-bold text-lg mt-4"
            >
              Your past CPPD claim overview
            </p>
          </div>
        </div>
      </div>
      <div
        class="w-auto sm:w-full flex-grow border-t border-gray-light mx-4 sm:mx-0"
      />
      <div
        class="font-display text-lg ml-4 py-5 sm:ml-8"
      >
        <span
          class="font-bold"
        >
          You have no active CPPD benefit
        </span>
      </div>
      <div
        class="w-auto sm:w-full flex-grow border-t border-gray-light mx-4 sm:mx-0"
      />
      <div>
        <div
          class="bg-gray-lighter mt-6 px-8 py-6"
        >
          <h3
            class="font-display font-bold text-xl"
          >
            All CPPD Tasks
          </h3>
          <ul
            class="grid grid-cols-2 gap-x-14 justify-items-start w-full pt-6 md:grid-cols-6"
          >
            <li
              class="font-display font-bold text-left pb-6"
            >
              <a
                href="https://srv136.services.gc.ca/sc/msca-mdsc/portal-portail/pro/reqr-demr/"
              >
                <img
                  alt=""
                  class="font-normal pb-3 px-8"
                  src="/images/dashboard/oas-request-for-reconsideration-icon.svg "
                />
                <p
                  class="w-36 font-normal px-5 text-sm"
                >
                  Request for reconsideration
                </p>
              </a>
            </li>
            <li
              class="font-display font-bold text-left pb-6"
            >
              <a
                href="https://srv136.services.gc.ca/sc/msca-mdsc/portal-portail/pro/vmas-vemd/view-application-status.action"
              >
                <img
                  alt=""
                  class="font-normal pb-3 px-8"
                  src="/images/dashboard/oas-updates-message-icon.svg"
                />
                <p
                  class="w-36 font-normal px-5 text-sm"
                >
                  View my status and messages
                </p>
              </a>
            </li>
            <li
              class="font-display font-bold text-left pb-6"
            >
              <a
                href="https://srv136.services.gc.ca/sc/msca-mdsc/portal-portail/pro/vupi-vupi/view-payment-information.action"
              >
                <img
                  alt=""
                  class="font-normal pb-3 px-8"
                  src="/images/dashboard/oas-payment-icon.svg"
                />
                <p
                  class="w-36 font-normal px-5 text-sm"
                >
                  View all payments
                </p>
              </a>
            </li>
            <li
              class="font-display font-bold text-left pb-6"
            >
              <a
                href="https://srv136.services.gc.ca/sc/msca-mdsc/portal-portail/pro/tiso-frfd/tax-slip"
              >
                <img
                  alt=""
                  class="font-normal pb-3 px-8"
                  src="/images/dashboard/oas-tax-slip-icon.svg"
                />
                <p
                  class="w-36 font-normal px-5 text-sm"
                >
                  View tax slips, T4A and NR4
                </p>
              </a>
            </li>
          </ul>
        </div>
      </div>
      <button
        class="pl-5 py-5 sm:pl-10"
      >
        View more +
      </button>
    </div>
    <div
      class="benefit-card px-4 md:px-6 py-7"
    >
      <div
        class="mx-auto sm:grid sm:grid-cols-4 sm:divide-x-2"
      >
        <div
          class="col-span-1 py-4 md:px-0 lg:px-3"
          id="OAS-undefined-app-card"
        >
          <div
            class="font-bold font-display text-4xl sm:text-2xl lg:text-4xl mb-2 w-44 sm:w-32 lg:w-44"
          >
            Old Age Security
          </div>
          <div
            class="font-bold font-display text-md sm:text-md lg:text-md mb-2 w-44 sm:w-32 lg:w-44"
          />
        </div>
        <div
          class="sm:hidden w-1/3 flex-grow border-t border-gray-light"
        />
        <div
          class="col-span-3 sm:grid sm:grid-cols-2"
        >
          <div
            class="ml-2 sm:ml-8 mt-4 xl:mt-6"
          >
            <p
              class="text-3xl sm:text-2xl lg:text-3xl mb-5"
            >
              You might be eligible.
            </p>
            <a
              class="text-xl"
            >
              Learn more about 
            </a>
            <a
              class="text-xl underline hover:text-bright-blue-solid"
              href="https://www.canada.ca/en/services/benefits/publicpensions/cpp/old-age-security.html"
            >
              Old Age Security
            </a>
          </div>
          <div
            class="grid grid-cols-2 mt-6 sm:mt-2"
          >
            <div
              class="sm:col-span-1"
            >
              <a
                class="font-normal float-right"
                href="https://www.canada.ca/en/services/benefits/publicpensions/cpp/old-age-security.html"
              >
                <img
                  alt=""
                  src="/images/dashboard/estimate-retirement-income-icon.svg"
                />
                <p
                  class="w-36 sm:w-24 lg:w-36 font-normal text-sm pr-5 mt-3"
                >
                  Estimate retirement income
                </p>
              </a>
            </div>
            <div
              class="sm:col-span-1"
            >
              <a
                class="font-normal float-right"
                href="https://www.canada.ca/en/services/benefits/publicpensions/cpp/old-age-security.html"
              >
                <img
                  alt=""
                  src="/images/dashboard/apply-for-benefit-icon.svg"
                />
                <p
                  class="w-36 sm:w-24 lg:w-36 font-normal text-sm pr-5 mt-3"
                >
                  Apply for Old Age Security
                </p>
              </a>
            </div>
          </div>
        </div>
      </div>
    </div>
    <div
      class="benefit-card px-4 md:px-6 py-7"
    >
      <div
        class="mx-auto sm:grid sm:grid-cols-4 sm:divide-x-2"
      >
        <div
          class="col-span-1 py-4 md:px-0 lg:px-3"
          id="CPP-undefined-app-card"
        >
          <div
            class="font-bold font-display text-4xl sm:text-2xl lg:text-4xl mb-2 w-44 sm:w-32 lg:w-44"
          >
            Canada Pension Plan
          </div>
          <div
            class="font-bold font-display text-md sm:text-md lg:text-md mb-2 w-44 sm:w-32 lg:w-44"
          />
        </div>
        <div
          class="sm:hidden w-1/3 flex-grow border-t border-gray-light"
        />
        <div
          class="col-span-3 sm:grid sm:grid-cols-2"
        >
          <div
            class="ml-2 sm:ml-8 mt-4 xl:mt-6"
          >
            <p
              class="text-3xl sm:text-2xl lg:text-3xl mb-5"
            >
              You might be eligible.
            </p>
            <a
              class="text-xl"
            >
              Learn more about 
            </a>
            <a
              class="text-xl underline hover:text-bright-blue-solid"
              href="https://www.canada.ca/en/services/benefits/publicpensions/cpp.html"
            >
              Canada Pension Plan
            </a>
          </div>
          <div
            class="grid grid-cols-2 mt-6 sm:mt-2"
          >
            <div
              class="sm:col-span-1"
            >
              <a
                class="font-normal float-right"
                href=""
              >
                <img
                  alt=""
                  src="/images/dashboard/estimate-retirement-income-icon.svg"
                />
                <p
                  class="w-36 sm:w-24 lg:w-36 font-normal text-sm pr-5 mt-3"
                >
                  Estimate retirement income
                </p>
              </a>
            </div>
            <div
              class="sm:col-span-1"
            >
              <a
                class="font-normal float-right"
                href=""
              >
                <img
                  alt=""
                  src="/images/dashboard/apply-for-benefit-icon.svg"
                />
                <p
                  class="w-36 sm:w-24 lg:w-36 font-normal text-sm pr-5 mt-3"
                >
                  Apply for Canada Pension Plan
                </p>
              </a>
            </div>
          </div>
        </div>
      </div>
    </div>
    <div
      class="benefit-card px-4 md:px-6 py-7"
    >
      <div
        class="mx-auto sm:grid sm:grid-cols-4 sm:divide-x-2"
      >
        <div
          class="col-span-1 py-4 md:px-0 lg:px-3"
          id="CPPD-undefined-app-card"
        >
          <div
            class="font-bold font-display text-4xl sm:text-2xl lg:text-4xl mb-2 w-44 sm:w-32 lg:w-44"
          >
            Canada Pension Plan Disability
          </div>
          <div
            class="font-bold font-display text-md sm:text-md lg:text-md mb-2 w-44 sm:w-32 lg:w-44"
          />
        </div>
        <div
          class="sm:hidden w-1/3 flex-grow border-t border-gray-light"
        />
        <div
          class="col-span-3 sm:grid sm:grid-cols-2"
        >
          <div
            class="ml-2 sm:ml-8 mt-4 xl:mt-6"
          >
            <p
              class="text-3xl sm:text-2xl lg:text-3xl mb-5"
            >
              You might be eligible.
            </p>
            <a
              class="text-xl"
            >
              Learn more about 
            </a>
            <a
              class="text-xl underline hover:text-bright-blue-solid"
              href="https://www.canada.ca/en/services/benefits/publicpensions/cpp/cpp-disability-benefit.html"
            >
              Canada Pension Plan Disability
            </a>
          </div>
          <div
            class="grid grid-cols-2 mt-6 sm:mt-2"
          >
            <div
              class="hidden sm:flex"
            />
            <div
              class="sm:col-span-1"
            >
              <a
                class="font-normal float-right"
                href=""
              >
                <img
                  alt=""
                  src="/images/dashboard/apply-for-benefit-icon.svg"
                />
                <p
                  class="w-36 sm:w-24 lg:w-36 font-normal text-sm pr-5 mt-3"
                >
                  Apply for Canada Pension Plan Disability
                </p>
              </a>
            </div>
          </div>
        </div>
      </div>
    </div>
    <div
      class="benefit-card px-4 md:px-6 py-7"
    >
      <div
        class="mx-auto sm:grid sm:grid-cols-4 sm:divide-x-2"
      >
        <div
          class="col-span-1 py-4 md:px-0 lg:px-3"
          id="GIS-undefined-app-card"
        >
          <div
            class="font-bold font-display text-4xl sm:text-2xl lg:text-4xl mb-2 w-44 sm:w-32 lg:w-44"
          >
            Guranteed Income Supplement
          </div>
          <div
            class="font-bold font-display text-md sm:text-md lg:text-md mb-2 w-44 sm:w-32 lg:w-44"
          />
        </div>
        <div
          class="sm:hidden w-1/3 flex-grow border-t border-gray-light"
        />
        <div
          class="col-span-3 sm:grid sm:grid-cols-2"
        >
          <div
            class="ml-2 sm:ml-8 mt-4 xl:mt-6"
          >
            <p
              class="text-3xl sm:text-2xl lg:text-3xl mb-5"
            >
              You might be eligible.
            </p>
            <a
              class="text-xl"
            >
              Learn more about 
            </a>
            <a
              class="text-xl underline hover:text-bright-blue-solid"
              href="https://www.canada.ca/en/services/benefits/publicpensions/cpp/old-age-security/guaranteed-income-supplement.html"
            >
              Guranteed Income Supplement
            </a>
          </div>
          <div
            class="grid grid-cols-2 mt-6 sm:mt-2"
          >
            <div
              class="hidden sm:flex"
            />
            <div
              class="sm:col-span-1"
            >
              <a
                class="font-normal float-right"
                href=""
              >
                <img
                  alt=""
                  src="/images/dashboard/apply-for-benefit-icon.svg"
                />
                <p
                  class="w-36 sm:w-24 lg:w-36 font-normal text-sm pr-5 mt-3"
                >
                  Apply for Guranteed Income Supplement
                </p>
              </a>
            </div>
          </div>
        </div>
      </div>
    </div>
    <div
      class="benefit-card px-4 md:px-6 py-7"
    >
      <div
        class="mx-auto sm:grid sm:grid-cols-4 sm:divide-x-2"
      >
        <div
          class="col-span-1 py-4 md:px-0 lg:px-3"
          id="EI-undefined-app-card"
        >
          <div
            class="font-bold font-display text-4xl sm:text-2xl lg:text-4xl mb-2 w-44 sm:w-32 lg:w-44"
          >
            Employment Insurance
          </div>
          <div
            class="font-bold font-display text-md sm:text-md lg:text-md mb-2 w-44 sm:w-32 lg:w-44"
          />
        </div>
        <div
          class="sm:hidden w-1/3 flex-grow border-t border-gray-light"
        />
        <div
          class="col-span-3 sm:grid sm:grid-cols-2"
        >
          <div
            class="ml-2 sm:ml-8 mt-4 xl:mt-6"
          >
            <p
              class="text-3xl sm:text-2xl lg:text-3xl mb-5"
            >
              You might be eligible.
            </p>
            <a
              class="text-xl"
            >
              Learn more about 
            </a>
            <a
              class="text-xl underline hover:text-bright-blue-solid"
              href="https://www.canada.ca/en/services/benefits/ei.html"
            >
              Employment Insurance
            </a>
          </div>
          <div
            class="grid grid-cols-2 mt-6 sm:mt-2"
          >
            <div
              class="hidden sm:flex"
            />
            <div
              class="sm:col-span-1"
            >
              <a
                class="font-normal float-right"
                href=""
              >
                <img
                  alt=""
                  src="/images/dashboard/apply-for-benefit-icon.svg"
                />
                <p
                  class="w-36 sm:w-24 lg:w-36 font-normal text-sm pr-5 mt-3"
                >
                  Apply for Employment Insurance
                </p>
              </a>
            </div>
          </div>
        </div>
      </div>
    </div>
    <div
      class="benefit-card px-4 md:px-6 py-7"
    >
      <div
        class="mx-auto sm:grid sm:grid-cols-4 sm:divide-x-2"
      >
        <div
          class="col-span-1 py-4 md:px-0 lg:px-3"
          id="CPP-child_benefit_aged_18_25-app-card"
        >
          <div
            class="font-bold font-display text-4xl sm:text-2xl lg:text-4xl mb-2 w-44 sm:w-32 lg:w-44"
          >
            Canada Pension Plan
          </div>
          <div
            class="font-bold font-display text-md sm:text-md lg:text-md mb-2 w-44 sm:w-32 lg:w-44"
          >
            Child's Benefit aged 18-25
          </div>
        </div>
        <div
          class="sm:hidden w-1/3 flex-grow border-t border-gray-light"
        />
        <div
          class="col-span-3 sm:grid sm:grid-cols-2"
        >
          <div
            class="ml-2 sm:ml-8 mt-4 xl:mt-6"
          >
            <p
              class="text-3xl sm:text-2xl lg:text-3xl mb-5"
            >
              You might be eligible.
            </p>
            <a
              class="text-xl"
            >
              Learn more about 
            </a>
            <a
              class="text-xl underline hover:text-bright-blue-solid"
              href=""
            >
              CPP Child's Benefit aged 18-25
            </a>
          </div>
          <div
            class="grid grid-cols-2 mt-6 sm:mt-2"
          >
            <div
              class="hidden sm:flex"
            />
            <div
              class="sm:col-span-1"
            >
              <a
                class="font-normal float-right"
                href=""
              >
                <img
                  alt=""
                  src="/images/dashboard/apply-for-benefit-icon.svg"
                />
                <p
                  class="w-36 sm:w-24 lg:w-36 font-normal text-sm pr-5 mt-3"
                >
                  Apply for CPP Child's Benefit aged 18-25
                </p>
              </a>
            </div>
          </div>
        </div>
      </div>
    </div>
    <div
      class="benefit-card px-4 md:px-6 py-7"
    >
      <div
        class="mx-auto sm:grid sm:grid-cols-4 sm:divide-x-2"
      >
        <div
          class="col-span-1 py-4 md:px-0 lg:px-3"
          id="CPP-survivors_pension_and_childrens_benefits-app-card"
        >
          <div
            class="font-bold font-display text-4xl sm:text-2xl lg:text-4xl mb-2 w-44 sm:w-32 lg:w-44"
          >
            Canada Pension Plan
          </div>
          <div
            class="font-bold font-display text-md sm:text-md lg:text-md mb-2 w-44 sm:w-32 lg:w-44"
          >
            Survivor's Pension and Child(ren)'s Benefits
          </div>
        </div>
        <div
          class="sm:hidden w-1/3 flex-grow border-t border-gray-light"
        />
        <div
          class="col-span-3 sm:grid sm:grid-cols-2"
        >
          <div
            class="ml-2 sm:ml-8 mt-4 xl:mt-6"
          >
            <p
              class="text-3xl sm:text-2xl lg:text-3xl mb-5"
            >
              You might be eligible.
            </p>
            <a
              class="text-xl"
            >
              Learn more about 
            </a>
            <a
              class="text-xl underline hover:text-bright-blue-solid"
              href=""
            >
              CPP Survivor's Pension and Child(ren)'s Benefits
            </a>
          </div>
          <div
            class="grid grid-cols-2 mt-6 sm:mt-2"
          >
            <div
              class="hidden sm:flex"
            />
            <div
              class="sm:col-span-1"
            >
              <a
                class="font-normal float-right"
                href=""
              >
                <img
                  alt=""
                  src="/images/dashboard/apply-for-benefit-icon.svg"
                />
                <p
                  class="w-36 sm:w-24 lg:w-36 font-normal text-sm pr-5 mt-3"
                >
                  Apply for CPP Survivor's Pension and Child(ren)'s Benefits
                </p>
              </a>
            </div>
          </div>
        </div>
      </div>
    </div>
    <div
      class="benefit-card px-4 md:px-6 py-7"
    >
      <div
        class="mx-auto sm:grid sm:grid-cols-4 sm:divide-x-2"
      >
        <div
          class="col-span-1 py-4 md:px-0 lg:px-3"
          id="CPP-allowance_or_allowance_for_survivor-app-card"
        >
          <div
            class="font-bold font-display text-4xl sm:text-2xl lg:text-4xl mb-2 w-44 sm:w-32 lg:w-44"
          >
            Canada Pension Plan
          </div>
          <div
            class="font-bold font-display text-md sm:text-md lg:text-md mb-2 w-44 sm:w-32 lg:w-44"
          >
            Allowance or Allowance for Survivor
          </div>
        </div>
        <div
          class="sm:hidden w-1/3 flex-grow border-t border-gray-light"
        />
        <div
          class="col-span-3 sm:grid sm:grid-cols-2"
        >
          <div
            class="ml-2 sm:ml-8 mt-4 xl:mt-6"
          >
            <p
              class="text-3xl sm:text-2xl lg:text-3xl mb-5"
            >
              You might be eligible.
            </p>
            <a
              class="text-xl"
            >
              Learn more about 
            </a>
            <a
              class="text-xl underline hover:text-bright-blue-solid"
              href=""
            >
              CPP Allowance or Allowance for Survivor
            </a>
          </div>
          <div
            class="grid grid-cols-2 mt-6 sm:mt-2"
          >
            <div
              class="hidden sm:flex"
            />
            <div
              class="sm:col-span-1"
            >
              <a
                class="font-normal float-right"
                href=""
              >
                <img
                  alt=""
                  src="/images/dashboard/apply-for-benefit-icon.svg"
                />
                <p
                  class="w-36 sm:w-24 lg:w-36 font-normal text-sm pr-5 mt-3"
                >
                  Apply for CPP Allowance or Allowance for Survivor
                </p>
              </a>
            </div>
          </div>
        </div>
      </div>
    </div>
    <div
      class="benefit-card px-4 md:px-6 py-7"
    >
      <div
        class="mx-auto sm:grid sm:grid-cols-4 sm:divide-x-2"
      >
        <div
          class="col-span-1 py-4 md:px-0 lg:px-3"
          id="CPP-pension_sharing-app-card"
        >
          <div
            class="font-bold font-display text-4xl sm:text-2xl lg:text-4xl mb-2 w-44 sm:w-32 lg:w-44"
          >
            Canada Pension Plan
          </div>
          <div
            class="font-bold font-display text-md sm:text-md lg:text-md mb-2 w-44 sm:w-32 lg:w-44"
          >
            Pension Sharing
          </div>
        </div>
        <div
          class="sm:hidden w-1/3 flex-grow border-t border-gray-light"
        />
        <div
          class="col-span-3 sm:grid sm:grid-cols-2"
        >
          <div
            class="ml-2 sm:ml-8 mt-4 xl:mt-6"
          >
            <p
              class="text-3xl sm:text-2xl lg:text-3xl mb-5"
            >
              You might be eligible.
            </p>
            <a
              class="text-xl"
            >
              Learn more about 
            </a>
            <a
              class="text-xl underline hover:text-bright-blue-solid"
              href=""
            >
              CPP Pension Sharing
            </a>
          </div>
          <div
            class="grid grid-cols-2 mt-6 sm:mt-2"
          >
            <div
              class="hidden sm:flex"
            />
            <div
              class="sm:col-span-1"
            >
              <a
                class="font-normal float-right"
                href=""
              >
                <img
                  alt=""
                  src="/images/dashboard/apply-for-benefit-icon.svg"
                />
                <p
                  class="w-36 sm:w-24 lg:w-36 font-normal text-sm pr-5 mt-3"
                >
                  Apply for CPP Pension Sharing
                </p>
              </a>
            </div>
          </div>
        </div>
      </div>
    </div>
    <div
      class="benefit-card px-4 md:px-6 py-7"
    >
      <div
        class="mx-auto sm:grid sm:grid-cols-4 sm:divide-x-2"
      >
        <div
          class="col-span-1 py-4 md:px-0 lg:px-3"
          id="CPP-credit_split-app-card"
        >
          <div
            class="font-bold font-display text-4xl sm:text-2xl lg:text-4xl mb-2 w-44 sm:w-32 lg:w-44"
          >
            Canada Pension Plan
          </div>
          <div
            class="font-bold font-display text-md sm:text-md lg:text-md mb-2 w-44 sm:w-32 lg:w-44"
          >
            Credit Split
          </div>
        </div>
        <div
          class="sm:hidden w-1/3 flex-grow border-t border-gray-light"
        />
        <div
          class="col-span-3 sm:grid sm:grid-cols-2"
        >
          <div
            class="ml-2 sm:ml-8 mt-4 xl:mt-6"
          >
            <p
              class="text-3xl sm:text-2xl lg:text-3xl mb-5"
            >
              You might be eligible.
            </p>
            <a
              class="text-xl"
            >
              Learn more about 
            </a>
            <a
              class="text-xl underline hover:text-bright-blue-solid"
              href=""
            >
              CPP Credit Split
            </a>
          </div>
          <div
            class="grid grid-cols-2 mt-6 sm:mt-2"
          >
            <div
              class="hidden sm:flex"
            />
            <div
              class="sm:col-span-1"
            >
              <a
                class="font-normal float-right"
                href=""
              >
                <img
                  alt=""
                  src="/images/dashboard/apply-for-benefit-icon.svg"
                />
                <p
                  class="w-36 sm:w-24 lg:w-36 font-normal text-sm pr-5 mt-3"
                >
                  Apply for CPP Credit Split
                </p>
              </a>
            </div>
          </div>
        </div>
      </div>
    </div>
    <div
      class="benefit-card px-4 md:px-6 py-7"
    >
      <div
        class="mx-auto sm:grid sm:grid-cols-4 sm:divide-x-2"
      >
        <div
          class="col-span-1 py-4 md:px-0 lg:px-3"
          id="CPP-child_rearing_provision-app-card"
        >
          <div
            class="font-bold font-display text-4xl sm:text-2xl lg:text-4xl mb-2 w-44 sm:w-32 lg:w-44"
          >
            Canada Pension Plan
          </div>
          <div
            class="font-bold font-display text-md sm:text-md lg:text-md mb-2 w-44 sm:w-32 lg:w-44"
          >
            Child-Rearing Provision
          </div>
        </div>
        <div
          class="sm:hidden w-1/3 flex-grow border-t border-gray-light"
        />
        <div
          class="col-span-3 sm:grid sm:grid-cols-2"
        >
          <div
            class="ml-2 sm:ml-8 mt-4 xl:mt-6"
          >
            <p
              class="text-3xl sm:text-2xl lg:text-3xl mb-5"
            >
              You might be eligible.
            </p>
            <a
              class="text-xl"
            >
              Learn more about 
            </a>
            <a
              class="text-xl underline hover:text-bright-blue-solid"
              href=""
            >
              CPP Child-Rearing Provision
            </a>
          </div>
          <div
            class="grid grid-cols-2 mt-6 sm:mt-2"
          >
            <div
              class="hidden sm:flex"
            />
            <div
              class="sm:col-span-1"
            >
              <a
                class="font-normal float-right"
                href=""
              >
                <img
                  alt=""
                  src="/images/dashboard/apply-for-benefit-icon.svg"
                />
                <p
                  class="w-36 sm:w-24 lg:w-36 font-normal text-sm pr-5 mt-3"
                >
                  Apply for CPP Child-Rearing Provision
                </p>
              </a>
            </div>
          </div>
        </div>
      </div>
    </div>
    <div
      class="benefit-card px-4 md:px-6 py-7"
    >
      <div
        class="mx-auto sm:grid sm:grid-cols-4 sm:divide-x-2"
      >
        <div
          class="col-span-1 py-4 md:px-0 lg:px-3"
          id="CPP-death_benefit-app-card"
        >
          <div
            class="font-bold font-display text-4xl sm:text-2xl lg:text-4xl mb-2 w-44 sm:w-32 lg:w-44"
          >
            Canada Pension Plan
          </div>
          <div
            class="font-bold font-display text-md sm:text-md lg:text-md mb-2 w-44 sm:w-32 lg:w-44"
          >
            Death Benefit
          </div>
        </div>
        <div
          class="sm:hidden w-1/3 flex-grow border-t border-gray-light"
        />
        <div
          class="col-span-3 sm:grid sm:grid-cols-2"
        >
          <div
            class="ml-2 sm:ml-8 mt-4 xl:mt-6"
          >
            <p
              class="text-3xl sm:text-2xl lg:text-3xl mb-5"
            >
              You might be eligible.
            </p>
            <a
              class="text-xl"
            >
              Learn more about 
            </a>
            <a
              class="text-xl underline hover:text-bright-blue-solid"
              href=""
            >
              CPP Death Benefit
            </a>
          </div>
          <div
            class="grid grid-cols-2 mt-6 sm:mt-2"
          >
            <div
              class="hidden sm:flex"
            />
            <div
              class="sm:col-span-1"
            >
              <a
                class="font-normal float-right"
                href=""
              >
                <img
                  alt=""
                  src="/images/dashboard/apply-for-benefit-icon.svg"
                />
                <p
                  class="w-36 sm:w-24 lg:w-36 font-normal text-sm pr-5 mt-3"
                >
                  Apply for CPP Death Benefit
                </p>
              </a>
            </div>
          </div>
        </div>
      </div>
    </div>
  </div>
</div>
`;
